pytest : ImportError while loading conftest 'C:\Users\DELL\Downloads\skilnet\backend\tests\conftest.py'.
At line:1 char:13
+ cd backend; pytest --tb=short > pytest_output.txt 2>&1
+             ~~~~~~~~~~~~~~~~~~~~~~~~~~~~~~~~~~~~~~~~~~
    + CategoryInfo          : NotSpecified: (ImportError whi...s\conftest.py'.:String) [], RemoteExcept 
   ion
    + FullyQualifiedErrorId : NativeCommandError
 
tests\conftest.py:9: in <module>
    from httpx import AsyncClient
E   ModuleNotFoundError: No module named 'httpx'
